// Jest Snapshot v1, https://goo.gl/fbAQLP

exports[`Expect to render DexList component 1`] = `ShallowWrapper {}`;
