// Jest Snapshot v1, https://goo.gl/fbAQLP

exports[`Expect to render DexRow component 1`] = `ShallowWrapper {}`;
